分类: 📺央视频道, 名称: CCTV-1, 有效: 5, IPv4: 229, IPv6: 0, 最小延迟: 118 ms, 最高速率: 9.53 M/s, 平均速率: 4.28 M/s, 最高分辨率: 1920x1080
分类: 📺央视频道, 名称: CCTV-2, 有效: 5, IPv4: 172, IPv6: 0, 最小延迟: 467 ms, 最高速率: 5.89 M/s, 平均速率: 1.93 M/s, 最高分辨率: 1920x1080
分类: 📺央视频道, 名称: CCTV-3, 有效: 5, IPv4: 184, IPv6: 0, 最小延迟: 163 ms, 最高速率: 10.62 M/s, 平均速率: 3.38 M/s, 最高分辨率: 1920x1080
分类: 📺央视频道, 名称: CCTV-4, 有效: 5, IPv4: 199, IPv6: 0, 最小延迟: 188 ms, 最高速率: 22.03 M/s, 平均速率: 6.60 M/s, 最高分辨率: 1920x1080
分类: 📺央视频道, 名称: CCTV-5, 有效: 5, IPv4: 197, IPv6: 0, 最小延迟: 534 ms, 最高速率: 3.54 M/s, 平均速率: 2.30 M/s, 最高分辨率: 1920x1080
分类: 📺央视频道, 名称: CCTV-5+, 有效: 5, IPv4: 142, IPv6: 0, 最小延迟: 467 ms, 最高速率: 4.18 M/s, 平均速率: 1.75 M/s, 最高分辨率: 1920x1080
分类: 📺央视频道, 名称: CCTV-6, 有效: 5, IPv4: 185, IPv6: 0, 最小延迟: 274 ms, 最高速率: 8.12 M/s, 平均速率: 2.27 M/s, 最高分辨率: 1920x1080
分类: 📺央视频道, 名称: CCTV-7, 有效: 5, IPv4: 183, IPv6: 0, 最小延迟: 158 ms, 最高速率: 6.99 M/s, 平均速率: 2.46 M/s, 最高分辨率: 1920x1080
分类: 📺央视频道, 名称: CCTV-8, 有效: 6, IPv4: 181, IPv6: 0, 最小延迟: 136 ms, 最高速率: 18.00 M/s, 平均速率: 5.28 M/s, 最高分辨率: 1920x1080
分类: 📺央视频道, 名称: CCTV-9, 有效: 5, IPv4: 182, IPv6: 0, 最小延迟: 470 ms, 最高速率: 5.16 M/s, 平均速率: 2.73 M/s, 最高分辨率: 1920x1080
分类: 📺央视频道, 名称: CCTV-10, 有效: 5, IPv4: 187, IPv6: 0, 最小延迟: 488 ms, 最高速率: 0.98 M/s, 平均速率: 0.79 M/s, 最高分辨率: 1920x1080
分类: 📺央视频道, 名称: CCTV-11, 有效: 6, IPv4: 163, IPv6: 0, 最小延迟: 227 ms, 最高速率: 4.00 M/s, 平均速率: 1.78 M/s, 最高分辨率: 1920x1080
分类: 📺央视频道, 名称: CCTV-12, 有效: 6, IPv4: 174, IPv6: 0, 最小延迟: 305 ms, 最高速率: 18.04 M/s, 平均速率: 4.07 M/s, 最高分辨率: 1920x1080
分类: 📺央视频道, 名称: CCTV-13, 有效: 5, IPv4: 174, IPv6: 0, 最小延迟: 183 ms, 最高速率: 7.03 M/s, 平均速率: 2.04 M/s, 最高分辨率: 1920x1080
分类: 📺央视频道, 名称: CCTV-14, 有效: 5, IPv4: 178, IPv6: 0, 最小延迟: 228 ms, 最高速率: 19.34 M/s, 平均速率: 4.89 M/s, 最高分辨率: 1920x1080
分类: 📺央视频道, 名称: CCTV-15, 有效: 5, IPv4: 172, IPv6: 0, 最小延迟: 418 ms, 最高速率: 11.70 M/s, 平均速率: 5.02 M/s, 最高分辨率: 1920x1080
分类: 📺央视频道, 名称: CCTV-16, 有效: 5, IPv4: 129, IPv6: 0, 最小延迟: 301 ms, 最高速率: 17.39 M/s, 平均速率: 7.09 M/s, 最高分辨率: 1920x1080
分类: 📺央视频道, 名称: CCTV-17, 有效: 5, IPv4: 143, IPv6: 0, 最小延迟: 181 ms, 最高速率: 11.58 M/s, 平均速率: 3.58 M/s, 最高分辨率: 1920x1080
分类: 📺央视频道, 名称: CETV-1, 有效: 5, IPv4: 99, IPv6: 0, 最小延迟: 482 ms, 最高速率: 0.93 M/s, 平均速率: 0.81 M/s, 最高分辨率: 1920x1080
分类: 📺央视频道, 名称: CETV-2, 有效: 0, IPv4: 53, IPv6: 0, 最小延迟: 6 ms, 最高速率: 46.47 M/s, 平均速率: 0.00 M/s, 最高分辨率: 720x576
分类: 📺央视频道, 名称: CETV-3, 有效: 0, IPv4: 15, IPv6: 0, 最小延迟: 163 ms, 最高速率: 16.29 M/s, 平均速率: 0.00 M/s, 最高分辨率: 720x576
分类: 📺央视频道, 名称: CETV-4, 有效: 3, IPv4: 85, IPv6: 0, 最小延迟: 4 ms, 最高速率: 54.55 M/s, 平均速率: 0.80 M/s, 最高分辨率: 1920x1080
分类: 📡卫视频道, 名称: 香港卫视, 有效: 0, IPv4: 12, IPv6: 0, 最小延迟: 5 ms, 最高速率: 41.30 M/s, 平均速率: 0.00 M/s, 最高分辨率: 19x24
分类: 📡卫视频道, 名称: 广东卫视, 有效: 6, IPv4: 199, IPv6: 0, 最小延迟: 12 ms, 最高速率: 96.58 M/s, 平均速率: 16.84 M/s, 最高分辨率: 1920x1080
分类: 📡卫视频道, 名称: 湖南卫视, 有效: 6, IPv4: 186, IPv6: 0, 最小延迟: 29 ms, 最高速率: 28.46 M/s, 平均速率: 9.02 M/s, 最高分辨率: 3840x2160
分类: 📡卫视频道, 名称: 浙江卫视, 有效: 5, IPv4: 163, IPv6: 0, 最小延迟: 259 ms, 最高速率: 16.41 M/s, 平均速率: 4.29 M/s, 最高分辨率: 1920x1080
分类: 📡卫视频道, 名称: 北京卫视, 有效: 6, IPv4: 175, IPv6: 0, 最小延迟: 16 ms, 最高速率: 5.97 M/s, 平均速率: 2.08 M/s, 最高分辨率: 1920x1080
分类: 📡卫视频道, 名称: 湖北卫视, 有效: 5, IPv4: 145, IPv6: 0, 最小延迟: 11 ms, 最高速率: 14.05 M/s, 平均速率: 3.58 M/s, 最高分辨率: 1920x1080
分类: 📡卫视频道, 名称: 黑龙江卫视, 有效: 5, IPv4: 134, IPv6: 0, 最小延迟: 10 ms, 最高速率: 15.76 M/s, 平均速率: 6.80 M/s, 最高分辨率: 1920x1080
分类: 📡卫视频道, 名称: 安徽卫视, 有效: 5, IPv4: 139, IPv6: 0, 最小延迟: 10 ms, 最高速率: 16.19 M/s, 平均速率: 3.85 M/s, 最高分辨率: 1920x1080
分类: 📡卫视频道, 名称: 东方卫视, 有效: 5, IPv4: 129, IPv6: 0, 最小延迟: 188 ms, 最高速率: 13.56 M/s, 平均速率: 5.72 M/s, 最高分辨率: 1920x1080
分类: 📡卫视频道, 名称: 重庆卫视, 有效: 5, IPv4: 138, IPv6: 0, 最小延迟: 10 ms, 最高速率: 9.38 M/s, 平均速率: 0.82 M/s, 最高分辨率: 1920x1080
分类: 📡卫视频道, 名称: 东南卫视, 有效: 5, IPv4: 124, IPv6: 0, 最小延迟: 4 ms, 最高速率: 51.38 M/s, 平均速率: 0.79 M/s, 最高分辨率: 1920x1080
分类: 📡卫视频道, 名称: 甘肃卫视, 有效: 5, IPv4: 98, IPv6: 0, 最小延迟: 19 ms, 最高速率: 15.39 M/s, 平均速率: 3.69 M/s, 最高分辨率: 1920x1080
分类: 📡卫视频道, 名称: 广西卫视, 有效: 5, IPv4: 110, IPv6: 0, 最小延迟: 221 ms, 最高速率: 1.60 M/s, 平均速率: 1.15 M/s, 最高分辨率: 1920x1080
分类: 📡卫视频道, 名称: 贵州卫视, 有效: 8, IPv4: 119, IPv6: 0, 最小延迟: 199 ms, 最高速率: 16.23 M/s, 平均速率: 2.79 M/s, 最高分辨率: 1920x1080
分类: 📡卫视频道, 名称: 海南卫视, 有效: 5, IPv4: 108, IPv6: 0, 最小延迟: 5 ms, 最高速率: 9.33 M/s, 平均速率: 0.80 M/s, 最高分辨率: 1920x1080
分类: 📡卫视频道, 名称: 河北卫视, 有效: 5, IPv4: 121, IPv6: 0, 最小延迟: 9 ms, 最高速率: 9.95 M/s, 平均速率: 2.56 M/s, 最高分辨率: 1920x1080
分类: 📡卫视频道, 名称: 河南卫视, 有效: 5, IPv4: 136, IPv6: 0, 最小延迟: 9 ms, 最高速率: 28.15 M/s, 平均速率: 9.12 M/s, 最高分辨率: 1920x1080
分类: 📡卫视频道, 名称: 吉林卫视, 有效: 5, IPv4: 123, IPv6: 0, 最小延迟: 5 ms, 最高速率: 41.29 M/s, 平均速率: 4.01 M/s, 最高分辨率: 1920x1080
分类: 📡卫视频道, 名称: 江苏卫视, 有效: 5, IPv4: 156, IPv6: 0, 最小延迟: 130 ms, 最高速率: 9.82 M/s, 平均速率: 2.81 M/s, 最高分辨率: 1920x1080
分类: 📡卫视频道, 名称: 江西卫视, 有效: 5, IPv4: 136, IPv6: 0, 最小延迟: 11 ms, 最高速率: 7.74 M/s, 平均速率: 0.72 M/s, 最高分辨率: 1920x1080
分类: 📡卫视频道, 名称: 辽宁卫视, 有效: 5, IPv4: 135, IPv6: 0, 最小延迟: 17 ms, 最高速率: 6.90 M/s, 平均速率: 0.71 M/s, 最高分辨率: 1920x1080
分类: 📡卫视频道, 名称: 内蒙古卫视, 有效: 0, IPv4: 76, IPv6: 0, 最小延迟: 62 ms, 最高速率: 11.13 M/s, 平均速率: 0.00 M/s, 最高分辨率: 1920x1080
分类: 📡卫视频道, 名称: 宁夏卫视, 有效: 6, IPv4: 80, IPv6: 0, 最小延迟: 6 ms, 最高速率: 13.73 M/s, 平均速率: 2.94 M/s, 最高分辨率: 3840x2160
分类: 📡卫视频道, 名称: 青海卫视, 有效: 5, IPv4: 88, IPv6: 0, 最小延迟: 8 ms, 最高速率: 81.08 M/s, 平均速率: 18.58 M/s, 最高分辨率: 1920x1080
分类: 📡卫视频道, 名称: 山东卫视, 有效: 5, IPv4: 137, IPv6: 0, 最小延迟: 9 ms, 最高速率: 10.04 M/s, 平均速率: 2.68 M/s, 最高分辨率: 1920x1080
分类: 📡卫视频道, 名称: 山西卫视, 有效: 1, IPv4: 78, IPv6: 0, 最小延迟: 10 ms, 最高速率: 13.01 M/s, 平均速率: 0.70 M/s, 最高分辨率: 1920x1080
分类: 📡卫视频道, 名称: 陕西卫视, 有效: 5, IPv4: 82, IPv6: 0, 最小延迟: 7 ms, 最高速率: 91.60 M/s, 平均速率: 21.60 M/s, 最高分辨率: 3840x2160
分类: 📡卫视频道, 名称: 四川卫视, 有效: 5, IPv4: 155, IPv6: 0, 最小延迟: 10 ms, 最高速率: 10.40 M/s, 平均速率: 2.71 M/s, 最高分辨率: 3840x2160
分类: 📡卫视频道, 名称: 深圳卫视, 有效: 5, IPv4: 146, IPv6: 0, 最小延迟: 15 ms, 最高速率: 6.75 M/s, 平均速率: 0.90 M/s, 最高分辨率: 1920x1080
分类: 📡卫视频道, 名称: 三沙卫视, 有效: 5, IPv4: 63, IPv6: 0, 最小延迟: 283 ms, 最高速率: 16.35 M/s, 平均速率: 3.85 M/s, 最高分辨率: 1920x1080
分类: 📡卫视频道, 名称: 天津卫视, 有效: 6, IPv4: 137, IPv6: 0, 最小延迟: 10 ms, 最高速率: 10.18 M/s, 平均速率: 2.32 M/s, 最高分辨率: 1920x1080
分类: 📡卫视频道, 名称: 西藏卫视, 有效: 3, IPv4: 78, IPv6: 0, 最小延迟: 9 ms, 最高速率: 9.89 M/s, 平均速率: 0.74 M/s, 最高分辨率: 1920x1080
分类: 📡卫视频道, 名称: 新疆卫视, 有效: 3, IPv4: 84, IPv6: 0, 最小延迟: 10 ms, 最高速率: 11.75 M/s, 平均速率: 0.56 M/s, 最高分辨率: 1920x1080
分类: 📡卫视频道, 名称: 云南卫视, 有效: 4, IPv4: 98, IPv6: 0, 最小延迟: 18 ms, 最高速率: 11.47 M/s, 平均速率: 3.44 M/s, 最高分辨率: 1920x1080
分类: ☘️广东频道, 名称: 广东珠江, 有效: 4, IPv4: 64, IPv6: 0, 最小延迟: 229 ms, 最高速率: 6.02 M/s, 平均速率: 1.07 M/s, 最高分辨率: 1920x1080
分类: ☘️广东频道, 名称: 广东体育, 有效: 1, IPv4: 54, IPv6: 0, 最小延迟: 45 ms, 最高速率: 1.25 M/s, 平均速率: 1.25 M/s, 最高分辨率: 1920x1080
分类: ☘️广东频道, 名称: 广东新闻, 有效: 0, IPv4: 44, IPv6: 0, 最小延迟: 495 ms, 最高速率: 0.11 M/s, 平均速率: 0.00 M/s, 最高分辨率: 1920x1080
分类: ☘️广东频道, 名称: 广东民生, 有效: 0, IPv4: 41, IPv6: 0, 最小延迟: 499 ms, 最高速率: 0.36 M/s, 平均速率: 0.00 M/s, 最高分辨率: 1920x1080
分类: ☘️广东频道, 名称: 大湾区卫视, 有效: 2, IPv4: 59, IPv6: 0, 最小延迟: 8 ms, 最高速率: 87.90 M/s, 平均速率: 44.32 M/s, 最高分辨率: 1920x1080
分类: ☘️广东频道, 名称: 广州综合, 有效: 6, IPv4: 12, IPv6: 0, 最小延迟: 510 ms, 最高速率: 0.55 M/s, 平均速率: 0.45 M/s, 最高分辨率: 1920x1080
分类: ☘️广东频道, 名称: 广州影视, 有效: 0, IPv4: 2, IPv6: 0, 最小延迟: -1 ms, 最高速率: 0.00 M/s, 平均速率: 0.00 M/s, 最高分辨率: None
分类: ☘️广东频道, 名称: 广州竞赛, 有效: 0, IPv4: 3, IPv6: 0, 最小延迟: -1 ms, 最高速率: 0.00 M/s, 平均速率: 0.00 M/s, 最高分辨率: None
分类: ☘️广东频道, 名称: 江门综合, 有效: 0, IPv4: 2, IPv6: 0, 最小延迟: -1 ms, 最高速率: 0.00 M/s, 平均速率: 0.00 M/s, 最高分辨率: None
分类: ☘️广东频道, 名称: 江门侨乡生活, 有效: 0, IPv4: 1, IPv6: 0, 最小延迟: 451 ms, 最高速率: 0.00 M/s, 平均速率: 0.00 M/s, 最高分辨率: None
分类: ☘️广东频道, 名称: 佛山综合, 有效: 0, IPv4: 3, IPv6: 0, 最小延迟: -1 ms, 最高速率: 0.00 M/s, 平均速率: 0.00 M/s, 最高分辨率: None
分类: ☘️广东频道, 名称: 汕头综合, 有效: 0, IPv4: 1, IPv6: 0, 最小延迟: -1 ms, 最高速率: 0.00 M/s, 平均速率: 0.00 M/s, 最高分辨率: None
